[2026-04-04T07:20:18.394+0000] {taskinstance.py:1956} INFO - Dependencies all met for dep_context=non-requeueable deps ti=<TaskInstance: download_rocket_launch_v14.get_pictures scheduled__2026-04-03T00:00:00+00:00 [queued]>
[2026-04-04T07:20:18.404+0000] {taskinstance.py:1956} INFO - Dependencies all met for dep_context=requeueable deps ti=<TaskInstance: download_rocket_launch_v14.get_pictures scheduled__2026-04-03T00:00:00+00:00 [queued]>
[2026-04-04T07:20:18.405+0000] {taskinstance.py:2170} INFO - Starting attempt 1 of 4
[2026-04-04T07:20:18.417+0000] {taskinstance.py:2191} INFO - Executing <Task(PythonOperator): get_pictures> on 2026-04-03 00:00:00+00:00
[2026-04-04T07:20:18.423+0000] {standard_task_runner.py:60} INFO - Started process 188 to run task
[2026-04-04T07:20:18.431+0000] {standard_task_runner.py:87} INFO - Running: ['***', 'tasks', 'run', 'download_rocket_launch_v14', 'get_pictures', 'scheduled__2026-04-03T00:00:00+00:00', '--job-id', '5', '--raw', '--subdir', 'DAGS_FOLDER/listing_Variant14_Rocket.py', '--cfg-path', '/tmp/tmpvu3edh4a']
[2026-04-04T07:20:18.437+0000] {standard_task_runner.py:88} INFO - Job 5: Subtask get_pictures
[2026-04-04T07:20:18.533+0000] {task_command.py:423} INFO - Running <TaskInstance: download_rocket_launch_v14.get_pictures scheduled__2026-04-03T00:00:00+00:00 [running]> on host 8fad73635163
[2026-04-04T07:20:18.626+0000] {taskinstance.py:2480} INFO - Exporting env vars: AIRFLOW_CTX_DAG_OWNER='***' AIRFLOW_CTX_DAG_ID='download_rocket_launch_v14' AIRFLOW_CTX_TASK_ID='get_pictures' AIRFLOW_CTX_EXECUTION_DATE='2026-04-03T00:00:00+00:00' AIRFLOW_CTX_TRY_NUMBER='1' AIRFLOW_CTX_DAG_RUN_ID='scheduled__2026-04-03T00:00:00+00:00'
[2026-04-04T07:20:18.631+0000] {logging_mixin.py:188} INFO - [1/8] Downloading: https://thespacedevs-prod.nyc3.digitaloceanspaces.com/media/images/atlas2520v2520551_image_20190224012316.jpeg
[2026-04-04T07:20:19.514+0000] {taskinstance.py:2698} ERROR - Task failed with exception
Traceback (most recent call last):
  File "/home/airflow/.local/lib/python3.11/site-packages/airflow/models/taskinstance.py", line 433, in _execute_task
    result = execute_callable(context=context, **execute_callable_kwargs)
             ^^^^^^^^^^^^^^^^^^^^^^^^^^^^^^^^^^^^^^^^^^^^^^^^^^^^^^^^^^^^
  File "/home/airflow/.local/lib/python3.11/site-packages/airflow/operators/python.py", line 199, in execute
    return_value = self.execute_callable()
                   ^^^^^^^^^^^^^^^^^^^^^^^
  File "/home/airflow/.local/lib/python3.11/site-packages/airflow/operators/python.py", line 216, in execute_callable
    return self.python_callable(*self.op_args, **self.op_kwargs)
           ^^^^^^^^^^^^^^^^^^^^^^^^^^^^^^^^^^^^^^^^^^^^^^^^^^^^^
  File "/opt/airflow/dags/listing_Variant14_Rocket.py", line 91, in _get_pictures
    with open(target_file, "wb") as f:
         ^^^^^^^^^^^^^^^^^^^^^^^
FileNotFoundError: [Errno 2] No such file or directory: '/opt/airflow/data/images/atlas2520v2520551_image_20190224012316.jpeg'
[2026-04-04T07:20:19.524+0000] {taskinstance.py:1138} INFO - Marking task as UP_FOR_RETRY. dag_id=download_rocket_launch_v14, task_id=get_pictures, execution_date=20260403T000000, start_date=20260404T072018, end_date=20260404T072019
[2026-04-04T07:20:19.533+0000] {standard_task_runner.py:107} ERROR - Failed to execute job 5 for task get_pictures ([Errno 2] No such file or directory: '/opt/airflow/data/images/atlas2520v2520551_image_20190224012316.jpeg'; 188)
[2026-04-04T07:20:19.567+0000] {local_task_job_runner.py:234} INFO - Task exited with return code 1
[2026-04-04T07:20:19.584+0000] {taskinstance.py:3280} INFO - 0 downstream tasks scheduled from follow-on schedule check
