[2026-04-04T07:27:53.400+0000] {taskinstance.py:1956} INFO - Dependencies all met for dep_context=non-requeueable deps ti=<TaskInstance: download_rocket_launch_v14.get_pictures manual__2026-04-04T07:27:49.717574+00:00 [queued]>
[2026-04-04T07:27:53.410+0000] {taskinstance.py:1956} INFO - Dependencies all met for dep_context=requeueable deps ti=<TaskInstance: download_rocket_launch_v14.get_pictures manual__2026-04-04T07:27:49.717574+00:00 [queued]>
[2026-04-04T07:27:53.411+0000] {taskinstance.py:2170} INFO - Starting attempt 1 of 4
[2026-04-04T07:27:53.422+0000] {taskinstance.py:2191} INFO - Executing <Task(PythonOperator): get_pictures> on 2026-04-04 07:27:49.717574+00:00
[2026-04-04T07:27:53.426+0000] {standard_task_runner.py:60} INFO - Started process 374 to run task
[2026-04-04T07:27:53.428+0000] {standard_task_runner.py:87} INFO - Running: ['***', 'tasks', 'run', 'download_rocket_launch_v14', 'get_pictures', 'manual__2026-04-04T07:27:49.717574+00:00', '--job-id', '15', '--raw', '--subdir', 'DAGS_FOLDER/listing_Variant14_Rocket.py', '--cfg-path', '/tmp/tmp2l68y628']
[2026-04-04T07:27:53.431+0000] {standard_task_runner.py:88} INFO - Job 15: Subtask get_pictures
[2026-04-04T07:27:53.484+0000] {task_command.py:423} INFO - Running <TaskInstance: download_rocket_launch_v14.get_pictures manual__2026-04-04T07:27:49.717574+00:00 [running]> on host 8fad73635163
[2026-04-04T07:27:53.545+0000] {taskinstance.py:2480} INFO - Exporting env vars: AIRFLOW_CTX_DAG_OWNER='***' AIRFLOW_CTX_DAG_ID='download_rocket_launch_v14' AIRFLOW_CTX_TASK_ID='get_pictures' AIRFLOW_CTX_EXECUTION_DATE='2026-04-04T07:27:49.717574+00:00' AIRFLOW_CTX_TRY_NUMBER='1' AIRFLOW_CTX_DAG_RUN_ID='manual__2026-04-04T07:27:49.717574+00:00'
[2026-04-04T07:27:53.548+0000] {logging_mixin.py:188} INFO - [1/8] Downloading: https://thespacedevs-prod.nyc3.digitaloceanspaces.com/media/images/atlas2520v2520551_image_20190224012316.jpeg
[2026-04-04T07:27:54.448+0000] {logging_mixin.py:188} INFO - Downloaded https://thespacedevs-prod.nyc3.digitaloceanspaces.com/media/images/atlas2520v2520551_image_20190224012316.jpeg to /opt/***/data/images/atlas2520v2520551_image_20190224012316.jpeg
[2026-04-04T07:27:54.449+0000] {logging_mixin.py:188} INFO - [2/8] Downloading: https://thespacedevs-prod.nyc3.digitaloceanspaces.com/media/images/falcon2520925_image_20221009234147.png
[2026-04-04T07:27:55.276+0000] {logging_mixin.py:188} INFO - Downloaded https://thespacedevs-prod.nyc3.digitaloceanspaces.com/media/images/falcon2520925_image_20221009234147.png to /opt/***/data/images/falcon2520925_image_20221009234147.png
[2026-04-04T07:27:55.276+0000] {logging_mixin.py:188} INFO - [3/8] Downloading: https://thespacedevs-prod.nyc3.digitaloceanspaces.com/media/images/minotaur_iv_lau_image_20240307170209.jpeg
[2026-04-04T07:27:56.077+0000] {logging_mixin.py:188} INFO - Downloaded https://thespacedevs-prod.nyc3.digitaloceanspaces.com/media/images/minotaur_iv_lau_image_20240307170209.jpeg to /opt/***/data/images/minotaur_iv_lau_image_20240307170209.jpeg
[2026-04-04T07:27:56.077+0000] {logging_mixin.py:188} INFO - [4/8] Downloading: https://thespacedevs-prod.nyc3.digitaloceanspaces.com/media/images/cz-8_liftoff_2_image_20240315183218.jpg
[2026-04-04T07:27:56.951+0000] {logging_mixin.py:188} INFO - Downloaded https://thespacedevs-prod.nyc3.digitaloceanspaces.com/media/images/cz-8_liftoff_2_image_20240315183218.jpg to /opt/***/data/images/cz-8_liftoff_2_image_20240315183218.jpg
[2026-04-04T07:27:56.951+0000] {logging_mixin.py:188} INFO - [5/8] Downloading: https://thespacedevs-prod.nyc3.digitaloceanspaces.com/media/images/falcon_9_image_20230807133459.jpeg
[2026-04-04T07:27:57.782+0000] {logging_mixin.py:188} INFO - Downloaded https://thespacedevs-prod.nyc3.digitaloceanspaces.com/media/images/falcon_9_image_20230807133459.jpeg to /opt/***/data/images/falcon_9_image_20230807133459.jpeg
[2026-04-04T07:27:57.782+0000] {logging_mixin.py:188} INFO - [6/8] Downloading: https://thespacedevs-prod.nyc3.digitaloceanspaces.com/media/images/long_march_6a__image_20251209050223.jpeg
[2026-04-04T07:27:58.568+0000] {logging_mixin.py:188} INFO - Downloaded https://thespacedevs-prod.nyc3.digitaloceanspaces.com/media/images/long_march_6a__image_20251209050223.jpeg to /opt/***/data/images/long_march_6a__image_20251209050223.jpeg
[2026-04-04T07:27:58.569+0000] {logging_mixin.py:188} INFO - [7/8] Downloading: https://thespacedevs-prod.nyc3.digitaloceanspaces.com/media/images/vega-c_image_20220713154437.jpg
[2026-04-04T07:27:59.573+0000] {logging_mixin.py:188} INFO - Downloaded https://thespacedevs-prod.nyc3.digitaloceanspaces.com/media/images/vega-c_image_20220713154437.jpg to /opt/***/data/images/vega-c_image_20220713154437.jpg
[2026-04-04T07:27:59.574+0000] {logging_mixin.py:188} INFO - [8/8] Downloading: https://thespacedevs-prod.nyc3.digitaloceanspaces.com/media/images/smart_dragon_3__image_20240925074606.jpg
[2026-04-04T07:28:00.569+0000] {logging_mixin.py:188} INFO - Downloaded https://thespacedevs-prod.nyc3.digitaloceanspaces.com/media/images/smart_dragon_3__image_20240925074606.jpg to /opt/***/data/images/smart_dragon_3__image_20240925074606.jpg
[2026-04-04T07:28:00.571+0000] {python.py:201} INFO - Done. Returned value was: None
[2026-04-04T07:28:00.580+0000] {taskinstance.py:1138} INFO - Marking task as SUCCESS. dag_id=download_rocket_launch_v14, task_id=get_pictures, execution_date=20260404T072749, start_date=20260404T072753, end_date=20260404T072800
[2026-04-04T07:28:00.611+0000] {local_task_job_runner.py:234} INFO - Task exited with return code 0
[2026-04-04T07:28:00.626+0000] {taskinstance.py:3280} INFO - 1 downstream tasks scheduled from follow-on schedule check
