[2026-04-04T07:57:53.607+0000] {taskinstance.py:1956} INFO - Dependencies all met for dep_context=non-requeueable deps ti=<TaskInstance: download_rocket_launch_v14.download_launches manual__2026-04-04T07:54:50.207151+00:00 [queued]>
[2026-04-04T07:57:53.613+0000] {taskinstance.py:1956} INFO - Dependencies all met for dep_context=requeueable deps ti=<TaskInstance: download_rocket_launch_v14.download_launches manual__2026-04-04T07:54:50.207151+00:00 [queued]>
[2026-04-04T07:57:53.613+0000] {taskinstance.py:2170} INFO - Starting attempt 3 of 6
[2026-04-04T07:57:53.623+0000] {taskinstance.py:2191} INFO - Executing <Task(BashOperator): download_launches> on 2026-04-04 07:54:50.207151+00:00
[2026-04-04T07:57:53.627+0000] {standard_task_runner.py:60} INFO - Started process 1122 to run task
[2026-04-04T07:57:53.629+0000] {standard_task_runner.py:87} INFO - Running: ['***', 'tasks', 'run', 'download_rocket_launch_v14', 'download_launches', 'manual__2026-04-04T07:54:50.207151+00:00', '--job-id', '49', '--raw', '--subdir', 'DAGS_FOLDER/listing_Variant14_Rocket.py', '--cfg-path', '/tmp/tmp5wnqnw33']
[2026-04-04T07:57:53.631+0000] {standard_task_runner.py:88} INFO - Job 49: Subtask download_launches
[2026-04-04T07:57:53.686+0000] {task_command.py:423} INFO - Running <TaskInstance: download_rocket_launch_v14.download_launches manual__2026-04-04T07:54:50.207151+00:00 [running]> on host 8fad73635163
[2026-04-04T07:57:53.761+0000] {taskinstance.py:2480} INFO - Exporting env vars: AIRFLOW_CTX_DAG_OWNER='***' AIRFLOW_CTX_DAG_ID='download_rocket_launch_v14' AIRFLOW_CTX_TASK_ID='download_launches' AIRFLOW_CTX_EXECUTION_DATE='2026-04-04T07:54:50.207151+00:00' AIRFLOW_CTX_TRY_NUMBER='3' AIRFLOW_CTX_DAG_RUN_ID='manual__2026-04-04T07:54:50.207151+00:00'
[2026-04-04T07:57:53.762+0000] {subprocess.py:63} INFO - Tmp dir root location: /tmp
[2026-04-04T07:57:53.763+0000] {subprocess.py:75} INFO - Running command: ['/usr/bin/bash', '-c', "curl -fSL --connect-timeout 15 --max-time 120 --progress-bar -H 'Accept: application/json' -o /opt/***/data/launches.json.tmp 'https://ll.thespacedevs.com/2.3.0/launches/upcoming/?format=json&limit=10' && mv /opt/***/data/launches.json.tmp /opt/***/data/launches.json"]
[2026-04-04T07:57:53.769+0000] {subprocess.py:86} INFO - Output:
[2026-04-04T07:57:54.205+0000] {subprocess.py:93} INFO - #=#=#                                                                         curl: (22) The requested URL returned error: 429
[2026-04-04T07:57:54.205+0000] {subprocess.py:93} INFO - 
[2026-04-04T07:57:54.207+0000] {subprocess.py:97} INFO - Command exited with return code 22
[2026-04-04T07:57:54.215+0000] {taskinstance.py:2698} ERROR - Task failed with exception
Traceback (most recent call last):
  File "/home/airflow/.local/lib/python3.11/site-packages/airflow/models/taskinstance.py", line 433, in _execute_task
    result = execute_callable(context=context, **execute_callable_kwargs)
             ^^^^^^^^^^^^^^^^^^^^^^^^^^^^^^^^^^^^^^^^^^^^^^^^^^^^^^^^^^^^
  File "/home/airflow/.local/lib/python3.11/site-packages/airflow/operators/bash.py", line 212, in execute
    raise AirflowException(
airflow.exceptions.AirflowException: Bash command failed. The command returned a non-zero exit code 22.
[2026-04-04T07:57:54.217+0000] {taskinstance.py:1138} INFO - Marking task as UP_FOR_RETRY. dag_id=download_rocket_launch_v14, task_id=download_launches, execution_date=20260404T075450, start_date=20260404T075753, end_date=20260404T075754
[2026-04-04T07:57:54.226+0000] {standard_task_runner.py:107} ERROR - Failed to execute job 49 for task download_launches (Bash command failed. The command returned a non-zero exit code 22.; 1122)
[2026-04-04T07:57:54.244+0000] {local_task_job_runner.py:234} INFO - Task exited with return code 1
[2026-04-04T07:57:54.261+0000] {taskinstance.py:3280} INFO - 0 downstream tasks scheduled from follow-on schedule check
