[2026-04-04T07:47:13.094+0000] {taskinstance.py:1956} INFO - Dependencies all met for dep_context=non-requeueable deps ti=<TaskInstance: download_rocket_launch_v14.get_pictures manual__2026-04-04T07:38:41.133469+00:00 [queued]>
[2026-04-04T07:47:13.101+0000] {taskinstance.py:1956} INFO - Dependencies all met for dep_context=requeueable deps ti=<TaskInstance: download_rocket_launch_v14.get_pictures manual__2026-04-04T07:38:41.133469+00:00 [queued]>
[2026-04-04T07:47:13.101+0000] {taskinstance.py:2170} INFO - Starting attempt 1 of 4
[2026-04-04T07:47:13.110+0000] {taskinstance.py:2191} INFO - Executing <Task(PythonOperator): get_pictures> on 2026-04-04 07:38:41.133469+00:00
[2026-04-04T07:47:13.114+0000] {standard_task_runner.py:60} INFO - Started process 849 to run task
[2026-04-04T07:47:13.116+0000] {standard_task_runner.py:87} INFO - Running: ['***', 'tasks', 'run', 'download_rocket_launch_v14', 'get_pictures', 'manual__2026-04-04T07:38:41.133469+00:00', '--job-id', '33', '--raw', '--subdir', 'DAGS_FOLDER/listing_Variant14_Rocket.py', '--cfg-path', '/tmp/tmp3pot99_l']
[2026-04-04T07:47:13.118+0000] {standard_task_runner.py:88} INFO - Job 33: Subtask get_pictures
[2026-04-04T07:47:13.170+0000] {task_command.py:423} INFO - Running <TaskInstance: download_rocket_launch_v14.get_pictures manual__2026-04-04T07:38:41.133469+00:00 [running]> on host 8fad73635163
[2026-04-04T07:47:13.239+0000] {taskinstance.py:2480} INFO - Exporting env vars: AIRFLOW_CTX_DAG_OWNER='***' AIRFLOW_CTX_DAG_ID='download_rocket_launch_v14' AIRFLOW_CTX_TASK_ID='get_pictures' AIRFLOW_CTX_EXECUTION_DATE='2026-04-04T07:38:41.133469+00:00' AIRFLOW_CTX_TRY_NUMBER='1' AIRFLOW_CTX_DAG_RUN_ID='manual__2026-04-04T07:38:41.133469+00:00'
[2026-04-04T07:47:13.241+0000] {taskinstance.py:2698} ERROR - Task failed with exception
Traceback (most recent call last):
  File "/home/airflow/.local/lib/python3.11/site-packages/airflow/models/taskinstance.py", line 433, in _execute_task
    result = execute_callable(context=context, **execute_callable_kwargs)
             ^^^^^^^^^^^^^^^^^^^^^^^^^^^^^^^^^^^^^^^^^^^^^^^^^^^^^^^^^^^^
  File "/home/airflow/.local/lib/python3.11/site-packages/airflow/operators/python.py", line 199, in execute
    return_value = self.execute_callable()
                   ^^^^^^^^^^^^^^^^^^^^^^^
  File "/home/airflow/.local/lib/python3.11/site-packages/airflow/operators/python.py", line 216, in execute_callable
    return self.python_callable(*self.op_args, **self.op_kwargs)
           ^^^^^^^^^^^^^^^^^^^^^^^^^^^^^^^^^^^^^^^^^^^^^^^^^^^^^
  File "/opt/airflow/dags/listing_Variant14_Rocket.py", line 68, in _get_pictures
    with open(TMP_JSON_FILE, encoding="utf-8") as f:
         ^^^^^^^^^^^^^^^^^^^^^^^^^^^^^^^^^^^^^
FileNotFoundError: [Errno 2] No such file or directory: '/opt/airflow/data/launches.json'
[2026-04-04T07:47:13.252+0000] {taskinstance.py:1138} INFO - Marking task as UP_FOR_RETRY. dag_id=download_rocket_launch_v14, task_id=get_pictures, execution_date=20260404T073841, start_date=20260404T074713, end_date=20260404T074713
[2026-04-04T07:47:13.260+0000] {standard_task_runner.py:107} ERROR - Failed to execute job 33 for task get_pictures ([Errno 2] No such file or directory: '/opt/airflow/data/launches.json'; 849)
[2026-04-04T07:47:13.291+0000] {local_task_job_runner.py:234} INFO - Task exited with return code 1
[2026-04-04T07:47:13.308+0000] {taskinstance.py:3280} INFO - 0 downstream tasks scheduled from follow-on schedule check
