[2026-04-04T07:48:20.691+0000] {taskinstance.py:1956} INFO - Dependencies all met for dep_context=non-requeueable deps ti=<TaskInstance: download_rocket_launch_v14.download_launches manual__2026-04-04T07:48:18.649930+00:00 [queued]>
[2026-04-04T07:48:20.697+0000] {taskinstance.py:1956} INFO - Dependencies all met for dep_context=requeueable deps ti=<TaskInstance: download_rocket_launch_v14.download_launches manual__2026-04-04T07:48:18.649930+00:00 [queued]>
[2026-04-04T07:48:20.698+0000] {taskinstance.py:2170} INFO - Starting attempt 1 of 6
[2026-04-04T07:48:20.707+0000] {taskinstance.py:2191} INFO - Executing <Task(BashOperator): download_launches> on 2026-04-04 07:48:18.649930+00:00
[2026-04-04T07:48:20.711+0000] {standard_task_runner.py:60} INFO - Started process 893 to run task
[2026-04-04T07:48:20.714+0000] {standard_task_runner.py:87} INFO - Running: ['***', 'tasks', 'run', 'download_rocket_launch_v14', 'download_launches', 'manual__2026-04-04T07:48:18.649930+00:00', '--job-id', '40', '--raw', '--subdir', 'DAGS_FOLDER/listing_Variant14_Rocket.py', '--cfg-path', '/tmp/tmp_f9vktzl']
[2026-04-04T07:48:20.716+0000] {standard_task_runner.py:88} INFO - Job 40: Subtask download_launches
[2026-04-04T07:48:20.762+0000] {task_command.py:423} INFO - Running <TaskInstance: download_rocket_launch_v14.download_launches manual__2026-04-04T07:48:18.649930+00:00 [running]> on host 8fad73635163
[2026-04-04T07:48:20.822+0000] {taskinstance.py:2480} INFO - Exporting env vars: AIRFLOW_CTX_DAG_OWNER='***' AIRFLOW_CTX_DAG_ID='download_rocket_launch_v14' AIRFLOW_CTX_TASK_ID='download_launches' AIRFLOW_CTX_EXECUTION_DATE='2026-04-04T07:48:18.649930+00:00' AIRFLOW_CTX_TRY_NUMBER='1' AIRFLOW_CTX_DAG_RUN_ID='manual__2026-04-04T07:48:18.649930+00:00'
[2026-04-04T07:48:20.823+0000] {subprocess.py:63} INFO - Tmp dir root location: /tmp
[2026-04-04T07:48:20.824+0000] {subprocess.py:75} INFO - Running command: ['/usr/bin/bash', '-c', "curl -fSL --connect-timeout 15 --max-time 120 --progress-bar -H 'Accept: application/json' -o /opt/***/data/launches.json.tmp 'https://ll.thespacedevs.com/2.3.0/launches/upcoming/?format=json&limit=10' && mv /opt/***/data/launches.json.tmp /opt/***/data/launches.json"]
[2026-04-04T07:48:20.830+0000] {subprocess.py:86} INFO - Output:
[2026-04-04T07:50:20.827+0000] {subprocess.py:93} INFO - #=#=#                                                                         ##O#-#                                                                        ##O=#  #                                                                      #######                                                                   10.6%#############                                                             18.2%curl: (28) Operation timed out after 120001 milliseconds with 19738 out of 108415 bytes received
[2026-04-04T07:50:20.829+0000] {subprocess.py:93} INFO - 
[2026-04-04T07:50:20.835+0000] {subprocess.py:97} INFO - Command exited with return code 28
[2026-04-04T07:50:20.844+0000] {taskinstance.py:2698} ERROR - Task failed with exception
Traceback (most recent call last):
  File "/home/airflow/.local/lib/python3.11/site-packages/airflow/models/taskinstance.py", line 433, in _execute_task
    result = execute_callable(context=context, **execute_callable_kwargs)
             ^^^^^^^^^^^^^^^^^^^^^^^^^^^^^^^^^^^^^^^^^^^^^^^^^^^^^^^^^^^^
  File "/home/airflow/.local/lib/python3.11/site-packages/airflow/operators/bash.py", line 212, in execute
    raise AirflowException(
airflow.exceptions.AirflowException: Bash command failed. The command returned a non-zero exit code 28.
[2026-04-04T07:50:20.847+0000] {taskinstance.py:1138} INFO - Marking task as UP_FOR_RETRY. dag_id=download_rocket_launch_v14, task_id=download_launches, execution_date=20260404T074818, start_date=20260404T074820, end_date=20260404T075020
[2026-04-04T07:50:20.856+0000] {standard_task_runner.py:107} ERROR - Failed to execute job 40 for task download_launches (Bash command failed. The command returned a non-zero exit code 28.; 893)
[2026-04-04T07:50:20.886+0000] {local_task_job_runner.py:234} INFO - Task exited with return code 1
[2026-04-04T07:50:20.901+0000] {taskinstance.py:3280} INFO - 0 downstream tasks scheduled from follow-on schedule check
